This is pdfTeX, Version 3.141592653-2.6-1.40.22 (TeX Live 2022/dev/Debian) (preloaded format=pdflatex 2026.1.7)  19 JAN 2026 20:33
entering extended mode
 restricted \write18 enabled.
 file:line:error style messages enabled.
 %&-line parsing enabled.
**/home/pawel/GPS-Tracker/docs/sample.tex
(/home/pawel/GPS-Tracker/docs/sample.tex
LaTeX2e <2021-11-15> patch level 1
L3 programming layer <2022-01-21> (./EE-dyplom.cls
Document Class: EE-dyplom 2025/01/19 Thesis class
(/usr/share/texlive/texmf-dist/tex/latex/base/article.cls
Document Class: article 2021/10/04 v1.4n Standard LaTeX document class
(/usr/share/texlive/texmf-dist/tex/latex/base/size12.clo
File: size12.clo 2021/10/04 v1.4n Standard LaTeX file (size option)
)
\c@part=\count185
\c@section=\count186
\c@subsection=\count187
\c@subsubsection=\count188
\c@paragraph=\count189
\c@subparagraph=\count190
\c@figure=\count191
\c@table=\count192
\abovecaptionskip=\skip47
\belowcaptionskip=\skip48
\bibindent=\dimen138
) (/usr/share/texlive/texmf-dist/tex/latex/base/inputenc.sty
Package: inputenc 2021/02/14 v1.3d Input encoding file
\inpenc@prehook=\toks16
\inpenc@posthook=\toks17
) (/usr/share/texlive/texmf-dist/tex/latex/base/fontenc.sty
Package: fontenc 2021/04/29 v2.0v Standard LaTeX package
) (/usr/share/texlive/texmf-dist/tex/latex/graphics/graphicx.sty
Package: graphicx 2021/09/16 v1.2d Enhanced LaTeX Graphics (DPC,SPQR)
 (/usr/share/texlive/texmf-dist/tex/latex/graphics/keyval.sty
Package: keyval 2014/10/28 v1.15 key=value parser (DPC)
\KV@toks@=\toks18
) (/usr/share/texlive/texmf-dist/tex/latex/graphics/graphics.sty
Package: graphics 2021/03/04 v1.4d Standard LaTeX Graphics (DPC,SPQR)
 (/usr/share/texlive/texmf-dist/tex/latex/graphics/trig.sty
Package: trig 2021/08/11 v1.11 sin cos tan (DPC)
) (/usr/share/texlive/texmf-dist/tex/latex/graphics-cfg/graphics.cfg
File: graphics.cfg 2016/06/04 v1.11 sample graphics configuration
)
Package graphics Info: Driver file: pdftex.def on input line 107.
 (/usr/share/texlive/texmf-dist/tex/latex/graphics-def/pdftex.def
File: pdftex.def 2020/10/05 v1.2a Graphics/color driver for pdftex
))
\Gin@req@height=\dimen139
\Gin@req@width=\dimen140
) (/usr/share/texlive/texmf-dist/tex/latex/geometry/geometry.sty
Package: geometry 2020/01/02 v5.9 Page Geometry
 (/usr/share/texlive/texmf-dist/tex/generic/iftex/ifvtex.sty
Package: ifvtex 2019/10/25 v1.7 ifvtex legacy package. Use iftex instead.
 (/usr/share/texlive/texmf-dist/tex/generic/iftex/iftex.sty
Package: iftex 2020/03/06 v1.0d TeX engine tests
))
\Gm@cnth=\count193
\Gm@cntv=\count194
\c@Gm@tempcnt=\count195
\Gm@bindingoffset=\dimen141
\Gm@wd@mp=\dimen142
\Gm@odd@mp=\dimen143
\Gm@even@mp=\dimen144
\Gm@layoutwidth=\dimen145
\Gm@layoutheight=\dimen146
\Gm@layouthoffset=\dimen147
\Gm@layoutvoffset=\dimen148
\Gm@dimlist=\toks19
) (/usr/share/texlive/texmf-dist/tex/latex/psnfss/times.sty
Package: times 2020/03/25 PSNFSS-v9.3 (SPQR) 
)) (/usr/share/texlive/texmf-dist/tex/latex/float/float.sty
Package: float 2001/11/08 v1.3d Float enhancements (AL)
\c@float@type=\count196
\float@exts=\toks20
\float@box=\box50
\@float@everytoks=\toks21
\@floatcapt=\box51
) (/usr/share/texlive/texmf-dist/tex/latex/tools/tabularx.sty
Package: tabularx 2020/01/15 v2.11c `tabularx' package (DPC)
 (/usr/share/texlive/texmf-dist/tex/latex/tools/array.sty
Package: array 2021/10/04 v2.5f Tabular extension package (FMi)
\col@sep=\dimen149
\ar@mcellbox=\box52
\extrarowheight=\dimen150
\NC@list=\toks22
\extratabsurround=\skip49
\backup@length=\skip50
\ar@cellbox=\box53
)
\TX@col@width=\dimen151
\TX@old@table=\dimen152
\TX@old@col=\dimen153
\TX@target=\dimen154
\TX@delta=\dimen155
\TX@cols=\count197
\TX@ftn=\toks23
) (/usr/share/texlive/texmf-dist/tex/latex/url/url.sty
\Urlmuskip=\muskip16
Package: url 2013/09/16  ver 3.4  Verb mode for urls, etc.
) (/usr/share/texlive/texmf-dist/tex/latex/tools/indentfirst.sty
Package: indentfirst 1995/11/23 v1.03 Indent first paragraph (DPC)
) (/usr/share/texlive/texmf-dist/tex/latex/titlesec/titlesec.sty
Package: titlesec 2021/07/05 v2.14 Sectioning titles
\ttl@box=\box54
\beforetitleunit=\skip51
\aftertitleunit=\skip52
\ttl@plus=\dimen156
\ttl@minus=\dimen157
\ttl@toksa=\toks24
\titlewidth=\dimen158
\titlewidthlast=\dimen159
\titlewidthfirst=\dimen160
) (/usr/share/texlive/texmf-dist/tex/latex/hyperref/hyperref.sty
Package: hyperref 2021-06-07 v7.00m Hypertext links for LaTeX
 (/usr/share/texlive/texmf-dist/tex/generic/ltxcmds/ltxcmds.sty
Package: ltxcmds 2020-05-10 v1.25 LaTeX kernel commands for general use (HO)
) (/usr/share/texlive/texmf-dist/tex/generic/pdftexcmds/pdftexcmds.sty
Package: pdftexcmds 2020-06-27 v0.33 Utility functions of pdfTeX for LuaTeX (HO)
 (/usr/share/texlive/texmf-dist/tex/generic/infwarerr/infwarerr.sty
Package: infwarerr 2019/12/03 v1.5 Providing info/warning/error messages (HO)
)
Package pdftexcmds Info: \pdf@primitive is available.
Package pdftexcmds Info: \pdf@ifprimitive is available.
Package pdftexcmds Info: \pdfdraftmode found.
) (/usr/share/texlive/texmf-dist/tex/generic/kvsetkeys/kvsetkeys.sty
Package: kvsetkeys 2019/12/15 v1.18 Key value parser (HO)
) (/usr/share/texlive/texmf-dist/tex/generic/kvdefinekeys/kvdefinekeys.sty
Package: kvdefinekeys 2019-12-19 v1.6 Define keys (HO)
) (/usr/share/texlive/texmf-dist/tex/generic/pdfescape/pdfescape.sty
Package: pdfescape 2019/12/09 v1.15 Implements pdfTeX's escape features (HO)
) (/usr/share/texlive/texmf-dist/tex/latex/hycolor/hycolor.sty
Package: hycolor 2020-01-27 v1.10 Color options for hyperref/bookmark (HO)
) (/usr/share/texlive/texmf-dist/tex/latex/letltxmacro/letltxmacro.sty
Package: letltxmacro 2019/12/03 v1.6 Let assignment for LaTeX macros (HO)
) (/usr/share/texlive/texmf-dist/tex/latex/auxhook/auxhook.sty
Package: auxhook 2019-12-17 v1.6 Hooks for auxiliary files (HO)
) (/usr/share/texlive/texmf-dist/tex/latex/kvoptions/kvoptions.sty
Package: kvoptions 2020-10-07 v3.14 Key value format for package options (HO)
)
\@linkdim=\dimen161
\Hy@linkcounter=\count198
\Hy@pagecounter=\count199
 (/usr/share/texlive/texmf-dist/tex/latex/hyperref/pd1enc.def
File: pd1enc.def 2021-06-07 v7.00m Hyperref: PDFDocEncoding definition (HO)
Now handling font encoding PD1 ...
... no UTF-8 mapping file for font encoding PD1
) (/usr/share/texlive/texmf-dist/tex/latex/hyperref/hyperref-langpatches.def
File: hyperref-langpatches.def 2021-06-07 v7.00m Hyperref: patches for babel languages
) (/usr/share/texlive/texmf-dist/tex/generic/intcalc/intcalc.sty
Package: intcalc 2019/12/15 v1.3 Expandable calculations with integers (HO)
) (/usr/share/texlive/texmf-dist/tex/generic/etexcmds/etexcmds.sty
Package: etexcmds 2019/12/15 v1.7 Avoid name clashes with e-TeX commands (HO)
)
\Hy@SavedSpaceFactor=\count266
 (/usr/share/texlive/texmf-dist/tex/latex/hyperref/puenc.def
File: puenc.def 2021-06-07 v7.00m Hyperref: PDF Unicode definition (HO)
Now handling font encoding PU ...
... no UTF-8 mapping file for font encoding PU
)
Package hyperref Info: Hyper figures OFF on input line 4192.
Package hyperref Info: Link nesting OFF on input line 4197.
Package hyperref Info: Hyper index ON on input line 4200.
Package hyperref Info: Plain pages OFF on input line 4207.
Package hyperref Info: Backreferencing OFF on input line 4212.
Package hyperref Info: Implicit mode ON; LaTeX internals redefined.
Package hyperref Info: Bookmarks ON on input line 4445.
\c@Hy@tempcnt=\count267
LaTeX Info: Redefining \url on input line 4804.
\XeTeXLinkMargin=\dimen162
 (/usr/share/texlive/texmf-dist/tex/generic/bitset/bitset.sty
Package: bitset 2019/12/09 v1.3 Handle bit-vector datatype (HO)
 (/usr/share/texlive/texmf-dist/tex/generic/bigintcalc/bigintcalc.sty
Package: bigintcalc 2019/12/15 v1.5 Expandable calculations on big integers (HO)
))
\Fld@menulength=\count268
\Field@Width=\dimen163
\Fld@charsize=\dimen164
Package hyperref Info: Hyper figures OFF on input line 6076.
Package hyperref Info: Link nesting OFF on input line 6081.
Package hyperref Info: Hyper index ON on input line 6084.
Package hyperref Info: backreferencing OFF on input line 6091.
Package hyperref Info: Link coloring OFF on input line 6096.
Package hyperref Info: Link coloring with OCG OFF on input line 6101.
Package hyperref Info: PDF/A mode OFF on input line 6106.
LaTeX Info: Redefining \ref on input line 6146.
LaTeX Info: Redefining \pageref on input line 6150.
 (/usr/share/texlive/texmf-dist/tex/latex/base/atbegshi-ltx.sty
Package: atbegshi-ltx 2021/01/10 v1.0c Emulation of the original atbegshi
package with kernel methods
)
\Hy@abspage=\count269
\c@Item=\count270
\c@Hfootnote=\count271
)
Package hyperref Info: Driver (autodetected): hpdftex.
 (/usr/share/texlive/texmf-dist/tex/latex/hyperref/hpdftex.def
File: hpdftex.def 2021-06-07 v7.00m Hyperref driver for pdfTeX
 (/usr/share/texlive/texmf-dist/tex/latex/base/atveryend-ltx.sty
Package: atveryend-ltx 2020/08/19 v1.0a Emulation of the original atveryend package
with kernel methods
)
\Fld@listcount=\count272
\c@bookmark@seq@number=\count273
 (/usr/share/texlive/texmf-dist/tex/latex/rerunfilecheck/rerunfilecheck.sty
Package: rerunfilecheck 2019/12/05 v1.9 Rerun checks for auxiliary files (HO)
 (/usr/share/texlive/texmf-dist/tex/generic/uniquecounter/uniquecounter.sty
Package: uniquecounter 2019/12/15 v1.4 Provide unlimited unique counter (HO)
)
Package uniquecounter Info: New unique counter `rerunfilecheck' on input line 286.
)
\Hy@SectionHShift=\skip53
)
LaTeX Font Info:    Trying to load font information for T1+ptm on input line 30.
 (/usr/share/texlive/texmf-dist/tex/latex/psnfss/t1ptm.fd
File: t1ptm.fd 2001/06/04 font definitions for T1/ptm.
) (/usr/share/texlive/texmf-dist/tex/latex/l3backend/l3backend-pdftex.def
File: l3backend-pdftex.def 2022-01-12 L3 backend support: PDF output (pdfTeX)
\l__color_backend_stack_int=\count274
\l__pdf_internal_box=\box55
) (./sample.aux)
\openout1 = `sample.aux'.

LaTeX Font Info:    Checking defaults for OML/cmm/m/it on input line 30.
LaTeX Font Info:    ... okay on input line 30.
LaTeX Font Info:    Checking defaults for OMS/cmsy/m/n on input line 30.
LaTeX Font Info:    ... okay on input line 30.
LaTeX Font Info:    Checking defaults for OT1/cmr/m/n on input line 30.
LaTeX Font Info:    ... okay on input line 30.
LaTeX Font Info:    Checking defaults for T1/cmr/m/n on input line 30.
LaTeX Font Info:    ... okay on input line 30.
LaTeX Font Info:    Checking defaults for TS1/cmr/m/n on input line 30.
LaTeX Font Info:    ... okay on input line 30.
LaTeX Font Info:    Checking defaults for OMX/cmex/m/n on input line 30.
LaTeX Font Info:    ... okay on input line 30.
LaTeX Font Info:    Checking defaults for U/cmr/m/n on input line 30.
LaTeX Font Info:    ... okay on input line 30.
LaTeX Font Info:    Checking defaults for PD1/pdf/m/n on input line 30.
LaTeX Font Info:    ... okay on input line 30.
LaTeX Font Info:    Checking defaults for PU/pdf/m/n on input line 30.
LaTeX Font Info:    ... okay on input line 30.
 (/usr/share/texlive/texmf-dist/tex/context/base/mkii/supp-pdf.mkii
[Loading MPS to PDF converter (version 2006.09.02).]
\scratchcounter=\count275
\scratchdimen=\dimen165
\scratchbox=\box56
\nofMPsegments=\count276
\nofMParguments=\count277
\everyMPshowfont=\toks25
\MPscratchCnt=\count278
\MPscratchDim=\dimen166
\MPnumerator=\count279
\makeMPintoPDFobject=\count280
\everyMPtoPDFconversion=\toks26
) (/usr/share/texlive/texmf-dist/tex/latex/epstopdf-pkg/epstopdf-base.sty
Package: epstopdf-base 2020-01-24 v2.11 Base part for package epstopdf
Package epstopdf-base Info: Redefining graphics rule for `.eps' on input line 485.
 (/usr/share/texlive/texmf-dist/tex/latex/latexconfig/epstopdf-sys.cfg
File: epstopdf-sys.cfg 2010/07/13 v1.3 Configuration of (r)epstopdf for TeX Live
))
*geometry* driver: auto-detecting
*geometry* detected driver: pdftex
*geometry* verbose mode - [ preamble ] result:
* driver: pdftex
* paper: a4paper
* layout: <same size as paper>
* layoutoffset:(h,v)=(0.0pt,0.0pt)
* modes: 
* h-part:(L,W,R)=(71.13188pt, 483.69684pt, 42.67915pt)
* v-part:(T,H,B)=(71.13188pt, 731.23582pt, 42.67914pt)
* \paperwidth=597.50787pt
* \paperheight=845.04684pt
* \textwidth=483.69684pt
* \textheight=731.23582pt
* \oddsidemargin=-1.1381pt
* \evensidemargin=-1.1381pt
* \topmargin=-38.1381pt
* \headheight=12.0pt
* \headsep=25.0pt
* \topskip=12.0pt
* \footskip=30.0pt
* \marginparwidth=35.0pt
* \marginparsep=10.0pt
* \columnsep=10.0pt
* \skip\footins=10.8pt plus 4.0pt minus 2.0pt
* \hoffset=0.0pt
* \voffset=0.0pt
* \mag=1000
* \@twocolumnfalse
* \@twosidefalse
* \@mparswitchfalse
* \@reversemarginfalse
* (1in=72.27pt=25.4mm, 1cm=28.453pt)

Package hyperref Info: Link coloring OFF on input line 30.
(/usr/share/texlive/texmf-dist/tex/latex/hyperref/nameref.sty
Package: nameref 2021-04-02 v2.47 Cross-referencing by name of section
 (/usr/share/texlive/texmf-dist/tex/latex/refcount/refcount.sty
Package: refcount 2019/12/15 v3.6 Data extraction from label references (HO)
) (/usr/share/texlive/texmf-dist/tex/generic/gettitlestring/gettitlestring.sty
Package: gettitlestring 2019/12/15 v1.6 Cleanup title references (HO)
)
\c@section@level=\count281
)
LaTeX Info: Redefining \ref on input line 30.
LaTeX Info: Redefining \pageref on input line 30.
LaTeX Info: Redefining \nameref on input line 30.
 (./sample.out) (./sample.out)
\@outlinefile=\write3
\openout3 = `sample.out'.

<../images/mel-ikona-wpisu.jpg, id=112, 702.625pt x 401.5pt>
File: ../images/mel-ikona-wpisu.jpg Graphic file (type jpg)
<use ../images/mel-ikona-wpisu.jpg>
Package pdftex.def Info: ../images/mel-ikona-wpisu.jpg  used on input line 33.
(pdftex.def)             Requested size: 193.47577pt x 110.55681pt.
 [1

{/var/lib/texmf/fonts/map/pdftex/updmap/pdftex.map} <../images/mel-ikona-wpisu.jpg>]pdfTeX warning (ext4): destination with the same identifier (name{page.1}) has been already used, duplicate ignored
<to be read again> 
                   \relax 
l.49 \newpage
              [1] (./sample.toc
LaTeX Font Info:    External font `cmex10' loaded for size
(Font)              <12> on input line 2.
LaTeX Font Info:    External font `cmex10' loaded for size
(Font)              <8> on input line 2.
LaTeX Font Info:    External font `cmex10' loaded for size
(Font)              <6> on input line 2.
)
\tf@toc=\write4
\openout4 = `sample.toc'.

 [2]
LaTeX Font Info:    Trying to load font information for TS1+ptm on input line 86.
 (/usr/share/texlive/texmf-dist/tex/latex/psnfss/ts1ptm.fd
File: ts1ptm.fd 2001/06/04 font definitions for TS1/ptm.
)
<../images/schemat.jpg, id=154, 1659.19875pt x 1036.87375pt>
File: ../images/schemat.jpg Graphic file (type jpg)
<use ../images/schemat.jpg>
Package pdftex.def Info: ../images/schemat.jpg  used on input line 99.
(pdftex.def)             Requested size: 483.69684pt x 302.26782pt.
 [3] [4 <../images/schemat.jpg>]
<../images/20260112_211048.png, id=167, 2666.96375pt x 2390.9325pt>
File: ../images/20260112_211048.png Graphic file (type png)
<use ../images/20260112_211048.png>
Package pdftex.def Info: ../images/20260112_211048.png  used on input line 178.
(pdftex.def)             Requested size: 290.22105pt x 260.15775pt.
<../images/GPS_tracker_presentation.png, id=169, 994.46532pt x 637.63219pt>
File: ../images/GPS_tracker_presentation.png Graphic file (type png)
<use ../images/GPS_tracker_presentation.png>
Package pdftex.def Info: ../images/GPS_tracker_presentation.png  used on input line 184.
(pdftex.def)             Requested size: 386.95894pt x 248.11124pt.
 [5 <../images/20260112_211048.png>]
<../images/GPS-TRACKER_V2.png, id=177, 1153.30875pt x 624.83438pt>
File: ../images/GPS-TRACKER_V2.png Graphic file (type png)
<use ../images/GPS-TRACKER_V2.png>
Package pdftex.def Info: ../images/GPS-TRACKER_V2.png  used on input line 201.
(pdftex.def)             Requested size: 386.95894pt x 209.64735pt.
 [6 <../images/GPS_tracker_presentation.png>]
<../images/GPS-TRACKER_V2.2.png, id=189, 1153.30875pt x 624.83438pt>
File: ../images/GPS-TRACKER_V2.2.png Graphic file (type png)
<use ../images/GPS-TRACKER_V2.2.png>
Package pdftex.def Info: ../images/GPS-TRACKER_V2.2.png  used on input line 207.
(pdftex.def)             Requested size: 386.95894pt x 209.64735pt.
<../images/GPS-TRACKER_V2_PRESENTATION.png, id=190, 979.40906pt x 533.74406pt>
File: ../images/GPS-TRACKER_V2_PRESENTATION.png Graphic file (type png)
<use ../images/GPS-TRACKER_V2_PRESENTATION.png>
Package pdftex.def Info: ../images/GPS-TRACKER_V2_PRESENTATION.png  used on input line 213.
(pdftex.def)             Requested size: 386.95894pt x 210.87138pt.
 [7 <../images/GPS-TRACKER_V2.png> <../images/GPS-TRACKER_V2.2.png>] [8 <../images/GPS-TRACKER_V2_PRESENTATION.png>] [9] [10]
<../images/Screenshot_20260109_143942_Chrome.jpg, id=244, 1084.05pt x 2347.77126pt>
File: ../images/Screenshot_20260109_143942_Chrome.jpg Graphic file (type jpg)
<use ../images/Screenshot_20260109_143942_Chrome.jpg>
Package pdftex.def Info: ../images/Screenshot_20260109_143942_Chrome.jpg  used on input line 304.
(pdftex.def)             Requested size: 217.6621pt x 471.37297pt.
 [11]
Underfull \hbox (badness 1019) in paragraph at lines 311--312
[]\T1/ptm/m/n/12 Sterowanie pro-ce-sem re-jes-tracji odbywa si¦ za po-moc¡ cen-tral-nego przy-cisku \T1/ptm/b/n/12 "START"\T1/ptm/m/n/12 .
 []

[12 <../images/Screenshot_20260109_143942_Chrome.jpg>]
<../images/Screenshot_20260109_144825_Chrome.jpg, id=255, 1084.05pt x 1833.85126pt>
File: ../images/Screenshot_20260109_144825_Chrome.jpg Graphic file (type jpg)
<use ../images/Screenshot_20260109_144825_Chrome.jpg>
Package pdftex.def Info: ../images/Screenshot_20260109_144825_Chrome.jpg  used on input line 330.
(pdftex.def)             Requested size: 217.6621pt x 368.19086pt.
<../images/Screenshot_20260109_144835_Chrome.jpg, id=256, 1084.05pt x 1966.34625pt>
File: ../images/Screenshot_20260109_144835_Chrome.jpg Graphic file (type jpg)
<use ../images/Screenshot_20260109_144835_Chrome.jpg>
Package pdftex.def Info: ../images/Screenshot_20260109_144835_Chrome.jpg  used on input line 335.
(pdftex.def)             Requested size: 217.6621pt x 394.7925pt.
<../images/Screenshot_20260109_144831_Chrome.jpg, id=257, 1084.05pt x 1974.37625pt>
File: ../images/Screenshot_20260109_144831_Chrome.jpg Graphic file (type jpg)
<use ../images/Screenshot_20260109_144831_Chrome.jpg>
Package pdftex.def Info: ../images/Screenshot_20260109_144831_Chrome.jpg  used on input line 352.
(pdftex.def)             Requested size: 217.6621pt x 396.40471pt.
 [13 <../images/Screenshot_20260109_144825_Chrome.jpg> <../images/Screenshot_20260109_144835_Chrome.jpg>]
<../images/Screenshot_20260109_150502_Chrome.jpg, id=267, 1071.00125pt x 1954.30125pt>
File: ../images/Screenshot_20260109_150502_Chrome.jpg Graphic file (type jpg)
<use ../images/Screenshot_20260109_150502_Chrome.jpg>
Package pdftex.def Info: ../images/Screenshot_20260109_150502_Chrome.jpg  used on input line 371.
(pdftex.def)             Requested size: 241.84842pt x 441.30911pt.
 [14 <../images/Screenshot_20260109_144831_Chrome.jpg>]
<../images/Screenshot_20260109_145718_Chrome.jpg, id=273, 1084.05pt x 1968.35374pt>
File: ../images/Screenshot_20260109_145718_Chrome.jpg Graphic file (type jpg)
<use ../images/Screenshot_20260109_145718_Chrome.jpg>
Package pdftex.def Info: ../images/Screenshot_20260109_145718_Chrome.jpg  used on input line 386.
(pdftex.def)             Requested size: 241.84842pt x 439.10616pt.
 [15 <../images/Screenshot_20260109_150502_Chrome.jpg>]
<../images/Screenshot_20260109_151924_Chrome.jpg, id=279, 1084.05pt x 1966.34625pt>
File: ../images/Screenshot_20260109_151924_Chrome.jpg Graphic file (type jpg)
<use ../images/Screenshot_20260109_151924_Chrome.jpg>
Package pdftex.def Info: ../images/Screenshot_20260109_151924_Chrome.jpg  used on input line 394.
(pdftex.def)             Requested size: 217.6621pt x 394.7925pt.
 [16 <../images/Screenshot_20260109_145718_Chrome.jpg>]
LaTeX Font Info:    Trying to load font information for T1+pcr on input line 412.
 (/usr/share/texlive/texmf-dist/tex/latex/psnfss/t1pcr.fd
File: t1pcr.fd 2001/06/04 font definitions for T1/pcr.
) [17 <../images/Screenshot_20260109_151924_Chrome.jpg>]
<../images/20260109_150650.jpg, id=290, 3114.63625pt x 1672.2475pt>
File: ../images/20260109_150650.jpg Graphic file (type jpg)
<use ../images/20260109_150650.jpg>
Package pdftex.def Info: ../images/20260109_150650.jpg  used on input line 429.
(pdftex.def)             Requested size: 338.5863pt x 181.7789pt.
 [18 <../images/20260109_150650.jpg>] [19] [20] [21]
Underfull \hbox (badness 7576) in paragraph at lines 551--552
[]\T1/ptm/m/n/12 Espressif Sys-tems. \T1/ptm/m/it/12 ESP32 Tech-ni-cal Ref-er-ence Man-ual\T1/ptm/m/n/12 . 2024. [On-line]. Dost¦pne:
 []


Underfull \hbox (badness 10000) in paragraph at lines 551--552
[]$\T1/pcr/m/n/12 https : / / www\OML/cmm/m/it/12 :\T1/pcr/m/n/12 espressif\OML/cmm/m/it/12 :\T1/pcr/m/n/12 com / sites / default / files / documentation /
 []


Underfull \hbox (badness 2261) in paragraph at lines 554--555
[]\T1/ptm/m/n/12 MSalamon.pl. \T1/ptm/m/it/12 ESP32 od Pod-staw ^^U Przegl¡d Rodzin Ukªadów i Ich Na-jwa»niejszych
 []


Underfull \hbox (badness 2961) in paragraph at lines 569--570
[]\T1/ptm/m/n/12 WonderfulPCB. \T1/ptm/m/it/12 Wybór wªa±-ci-wego pro-tokoªu ko-mu-nika-cyjnego: I2C, SPI lub UART\T1/ptm/m/n/12 .
 []


Underfull \hbox (badness 10000) in paragraph at lines 569--570
\T1/ptm/m/n/12 2025. [On-line]. Dost¦pne: []$\T1/pcr/m/n/12 https : / / www\OML/cmm/m/it/12 :\T1/pcr/m/n/12 wonderfulpcb\OML/cmm/m/it/12 :\T1/pcr/m/n/12 com / pl / blog / i2c -[]
 []


Underfull \hbox (badness 10000) in paragraph at lines 575--576
[]\T1/ptm/m/n/12 Comparative Ex-per-i-men-tal Eval-u-a-tion of the Er-ror of GPS Mod-ules. \T1/ptm/m/it/12 Au-to-matic
 []


Underfull \hbox (badness 3965) in paragraph at lines 575--576
\T1/ptm/m/it/12 Con-trol and Power Sys-tems\T1/ptm/m/n/12 , vol. 10, no. 2, 2025. [On-line]. Dost¦pne: []$\T1/pcr/m/n/12 https :
 []


Underfull \hbox (badness 10000) in paragraph at lines 575--576
\T1/pcr/m/n/12 / / science\OML/cmm/m/it/12 :\T1/pcr/m/n/12 lpnu\OML/cmm/m/it/12 :\T1/pcr/m/n/12 ua / acps / all -[] volumes -[] and -[] issues / volume -[] 10 -[] number -[]
 []


Underfull \hbox (badness 7963) in paragraph at lines 578--579
[]\T1/ptm/m/n/12 DeepBlueEmbedded. \T1/ptm/m/it/12 ESP32 Sleep Modes & Power Con-sump-tion\T1/ptm/m/n/12 . (b.d.). [On-line].
 []


Underfull \hbox (badness 10000) in paragraph at lines 578--579
\T1/ptm/m/n/12 Dost¦pne: []$\T1/pcr/m/n/12 https : / / deepbluembedded\OML/cmm/m/it/12 :\T1/pcr/m/n/12 com / esp32 -[] sleep -[] modes -[] power -[]
 []


Underfull \hbox (badness 1735) in paragraph at lines 581--582
[]\T1/ptm/m/n/12 Robotics Bangladesh. \T1/ptm/m/it/12 GPS Mod-ule NEO-6M Satel-lite Po-si-tion-ing Mod-ule\T1/ptm/m/n/12 . (b.d.). [On-
 []


Underfull \hbox (badness 1297) in paragraph at lines 581--582
\T1/ptm/m/n/12 line]. Dost¦pne: []$\T1/pcr/m/n/12 https : / / roboticsbd\OML/cmm/m/it/12 :\T1/pcr/m/n/12 com / electronics -[] module / 2397 -[] gps -[]
 []


Underfull \hbox (badness 10000) in paragraph at lines 581--582
\T1/pcr/m/n/12 module -[] neo -[] 6m -[] satellite -[] positioning -[] module -[] for -[] arduino -[] with -[]
 []


Underfull \hbox (badness 10000) in paragraph at lines 584--585
[]$\T1/pcr/m/n/12 https : / / bitbanksoftware\OML/cmm/m/it/12 :\T1/pcr/m/n/12 blogspot\OML/cmm/m/it/12 :\T1/pcr/m/n/12 com / 2019 / 06 / how -[] much -[] current -[]
 []

[22] (./sample.aux)
Package rerunfilecheck Info: File `sample.out' has not changed.
(rerunfilecheck)             Checksum: 12E48E91E986A7145AC4846804FB26A2;5562.
 ) 
Here is how much of TeX's memory you used:
 9775 strings out of 480247
 155264 string characters out of 5896152
 451094 words of memory out of 5000000
 27472 multiletter control sequences out of 15000+600000
 500933 words of font info for 60 fonts, out of 8000000 for 9000
 14 hyphenation exceptions out of 8191
 70i,8n,76p,603b,409s stack positions out of 5000i,500n,10000p,200000b,80000s
{/usr/share/texlive/texmf-dist/fonts/enc/dvips/base/8r.enc}</usr/share/texlive/texmf-dist/fonts/type1/public/amsfonts/cm/cmmi12.pfb></usr/share/texlive/texmf-dist/fonts/type1/public/amsfonts/cm/cmr12.pfb></usr/share/texlive/texmf-dist/fonts/type1/public/amsfonts/cm/cmsy10.pfb></usr/share/texlive/texmf-dist/fonts/type1/urw/courier/ucrr8a.pfb></usr/share/texlive/texmf-dist/fonts/type1/urw/times/utmb8a.pfb></usr/share/texlive/texmf-dist/fonts/type1/urw/times/utmr8a.pfb></usr/share/texlive/texmf-dist/fonts/type1/urw/times/utmri8a.pfb>
Output written on sample.pdf (23 pages, 10263625 bytes).
PDF statistics:
 409 PDF objects out of 1000 (max. 8388607)
 347 compressed objects within 4 object streams
 96 named destinations out of 1000 (max. 500000)
 292 words of extra memory for PDF output out of 10000 (max. 10000000)

